Resolved 69 packages in 1ms
Checked 38 packages in 0.59ms
[32mINFO[0m:     Started server process [[36m520614[0m]
[32mINFO[0m:     Waiting for application startup.
INFO:mtv_dl_web.main:Using default database refresh schedule: 0 0 * * * (daily at midnight)
INFO:apscheduler.scheduler:Adding job tentatively -- it will be properly scheduled when the scheduler starts
INFO:apscheduler.scheduler:Added job "database_refresh_job" to job store "default"
INFO:apscheduler.scheduler:Scheduler started
INFO:mtv_dl_web.main:Database refresh scheduler started
[32mINFO[0m:     Application startup complete.
[32mINFO[0m:     Uvicorn running on [1mhttp://0.0.0.0:8000[0m (Press CTRL+C to quit)
INFO:mtv_dl_web.main:Health check: healthy, response time: 0.57ms
[31mERROR[0m:    Exception in ASGI application
Traceback (most recent call last):
  File "/home/opencode/mtv_dl_web-agent1/.venv/lib/python3.11/site-packages/uvicorn/protocols/http/httptools_impl.py", line 401, in run_asgi
    result = await app(  # type: ignore[func-returns-value]
             ^^^^^^^^^^^^^^^^^^^^^^^^^^^^^^^^^^^^^^^^^^^^^^
  File "/home/opencode/mtv_dl_web-agent1/.venv/lib/python3.11/site-packages/uvicorn/middleware/proxy_headers.py", line 60, in __call__
    return await self.app(scope, receive, send)
           ^^^^^^^^^^^^^^^^^^^^^^^^^^^^^^^^^^^^
  File "/home/opencode/mtv_dl_web-agent1/.venv/lib/python3.11/site-packages/fastapi/applications.py", line 1054, in __call__
    await super().__call__(scope, receive, send)
  File "/home/opencode/mtv_dl_web-agent1/.venv/lib/python3.11/site-packages/starlette/applications.py", line 112, in __call__
    await self.middleware_stack(scope, receive, send)
  File "/home/opencode/mtv_dl_web-agent1/.venv/lib/python3.11/site-packages/starlette/middleware/errors.py", line 187, in __call__
    raise exc
  File "/home/opencode/mtv_dl_web-agent1/.venv/lib/python3.11/site-packages/starlette/middleware/errors.py", line 165, in __call__
    await self.app(scope, receive, _send)
  File "/home/opencode/mtv_dl_web-agent1/.venv/lib/python3.11/site-packages/starlette/middleware/cors.py", line 85, in __call__
    await self.app(scope, receive, send)
  File "/home/opencode/mtv_dl_web-agent1/.venv/lib/python3.11/site-packages/starlette/middleware/exceptions.py", line 62, in __call__
    await wrap_app_handling_exceptions(self.app, conn)(scope, receive, send)
  File "/home/opencode/mtv_dl_web-agent1/.venv/lib/python3.11/site-packages/starlette/_exception_handler.py", line 53, in wrapped_app
    raise exc
  File "/home/opencode/mtv_dl_web-agent1/.venv/lib/python3.11/site-packages/starlette/_exception_handler.py", line 42, in wrapped_app
    await app(scope, receive, sender)
  File "/home/opencode/mtv_dl_web-agent1/.venv/lib/python3.11/site-packages/starlette/routing.py", line 714, in __call__
    await self.middleware_stack(scope, receive, send)
  File "/home/opencode/mtv_dl_web-agent1/.venv/lib/python3.11/site-packages/starlette/routing.py", line 734, in app
    await route.handle(scope, receive, send)
  File "/home/opencode/mtv_dl_web-agent1/.venv/lib/python3.11/site-packages/starlette/routing.py", line 288, in handle
    await self.app(scope, receive, send)
  File "/home/opencode/mtv_dl_web-agent1/.venv/lib/python3.11/site-packages/starlette/routing.py", line 76, in app
    await wrap_app_handling_exceptions(app, request)(scope, receive, send)
  File "/home/opencode/mtv_dl_web-agent1/.venv/lib/python3.11/site-packages/starlette/_exception_handler.py", line 53, in wrapped_app
    raise exc
  File "/home/opencode/mtv_dl_web-agent1/.venv/lib/python3.11/site-packages/starlette/_exception_handler.py", line 42, in wrapped_app
    await app(scope, receive, sender)
  File "/home/opencode/mtv_dl_web-agent1/.venv/lib/python3.11/site-packages/starlette/routing.py", line 73, in app
    response = await f(request)
               ^^^^^^^^^^^^^^^^
  File "/home/opencode/mtv_dl_web-agent1/.venv/lib/python3.11/site-packages/fastapi/routing.py", line 327, in app
    content = await serialize_response(
              ^^^^^^^^^^^^^^^^^^^^^^^^^
  File "/home/opencode/mtv_dl_web-agent1/.venv/lib/python3.11/site-packages/fastapi/routing.py", line 176, in serialize_response
    raise ResponseValidationError(
fastapi.exceptions.ResponseValidationError: 1 validation errors:
  {'type': 'dict_type', 'loc': ('response',), 'msg': 'Input should be a valid dictionary', 'input': None}

[32mINFO[0m:     Shutting down
[32mINFO[0m:     Waiting for application shutdown.
INFO:apscheduler.scheduler:Scheduler has been shut down
[32mINFO[0m:     Application shutdown complete.
[32mINFO[0m:     Finished server process [[36m520614[0m]
